
> client@0.0.0 build
> vite build

[36mvite v8.0.0 [32mbuilding client environment for production...[36m[39m
[2K
transforming...Γ£ô 3396 modules transformed.
rendering chunks...
node.exe : [31mΓ£ù[39m 
Build failed in 963ms
At line:1 char:1
+ & "C:\nvm4w\nodejs/node.
exe" "C:\nvm4w\nodejs/node
_modules/npm/bin/np ...
+ ~~~~~~~~~~~~~~~~~~~~~~~~
~~~~~~~~~~~~~~~~~~~~~~~~~~
~~~~~~~~~~~~~~~~~~~
    + CategoryInfo        
      : NotSpecified: (  
  [31mΓ£ù[39m Build fa   
 iled in 963ms:String)    
 [], RemoteException
    + FullyQualifiedError 
   Id : NativeCommandErr  
  or
 
[31merror during build:
[31mBuild failed with 1 
error:

[31m[MISSING_EXPORT] 
Error:[0m "default" is 
not exported by "node_modu
les/react-github-calendar/
build/index.js".
   [38;5;246mΓò¡[0m[38;
5;246mΓöÇ[0m[38;5;246m[
[0m src/components/GithubS
tats.jsx:2:8 
[38;5;246m][0m
   [38;5;246mΓöé[0m
 [38;5;246m2 Γöé[0m [38
;5;249mi[0m[38;5;249mm[
0m[38;5;249mp[0m[38;5;2
49mo[0m[38;5;249mr[0m[
38;5;249mt[0m[38;5;249m 
[0mGitHubCalendar[38;5;2
49m [0m[38;5;249mf[0m[
38;5;249mr[0m[38;5;249mo
[0m[38;5;249mm[0m[38;5
;249m [0m[38;5;249m"[0m
[38;5;249mr[0m[38;5;249
me[0m[38;5;249ma[0m[38
;5;249mc[0m[38;5;249mt[
0m[38;5;249m-[0m[38;5;2
49mg[0m[38;5;249mi[0m[
38;5;249mt[0m[38;5;249mh
[0m[38;5;249mu[0m[38;5
;249mb[0m[38;5;249m-[0m
[38;5;249mc[0m[38;5;249
ma[0m[38;5;249ml[0m[38
;5;249me[0m[38;5;249mn[
0m[38;5;249md[0m[38;5;2
49ma[0m[38;5;249mr[0m[
38;5;249m"[0m[38;5;249m;
[0m
 [38;5;240m  Γöé[0m     
   ΓöÇΓöÇΓöÇΓöÇΓöÇΓöÇΓöÇΓö
¼ΓöÇΓöÇΓöÇΓöÇΓöÇΓöÇ  
 [38;5;240m  Γöé[0m     
          Γò░ΓöÇΓöÇΓöÇΓöÇΓ
öÇΓöÇΓöÇΓöÇ Missing export
[38;5;246mΓöÇΓöÇΓöÇΓò»[0
m
[31m
    at aggregateBindingErr
orsIntoJsError (file:///C:
/Users/ashut/OneDrive/Desk
top/Portfolio/Portfolio/cl
ient/node_modules/rolldown
/dist/shared/error-CP8smW_
P.mjs:48:18)
    at 
unwrapBindingResult (file:
///C:/Users/ashut/OneDrive
/Desktop/Portfolio/Portfol
io/client/node_modules/rol
ldown/dist/shared/error-CP
8smW_P.mjs:18:128)
    at #build (file:///C:/
Users/ashut/OneDrive/Deskt
op/Portfolio/Portfolio/cli
ent/node_modules/rolldown/
dist/shared/rolldown-build
-4YnQkA76.mjs:3311:34)
    at async 
buildEnvironment (file:///
C:/Users/ashut/OneDrive/De
sktop/Portfolio/Portfolio/
client/node_modules/vite/d
ist/node/chunks/node.js:32
794:64)
    at async Object.build 
(file:///C:/Users/ashut/On
eDrive/Desktop/Portfolio/P
ortfolio/client/node_modul
es/vite/dist/node/chunks/n
ode.js:33216:19)
    at async 
Object.buildApp (file:///C
:/Users/ashut/OneDrive/Des
ktop/Portfolio/Portfolio/c
lient/node_modules/vite/di
st/node/chunks/node.js:332
13:153)
    at async 
CAC.<anonymous> (file:///C
:/Users/ashut/OneDrive/Des
ktop/Portfolio/Portfolio/c
lient/node_modules/vite/di
st/node/cli.js:778:3) {
  errors: [Getter/Setter]
}[39m
